locker cast: {"collection":{"id":2,"owner":{"id":1,"email":"","name":"","role":""},"encryptedKey":"owner-key","keyDecryptionNonce":"owner-nonce","name":"","encryptedName":"enc-name","nameDecryptionNonce":"name-nonce","type":"folder","attributes":{"version":1},"sharees":null,"publicURLs":[{"url":"https://share.ente.com/c/LOCKERLINK","deviceLimit":0,"validTill":0,"enableDownload":true,"enableCollect":false,"enableComment":false,"passwordEnabled":false,"enableJoin":true}],"updationTime":10,"app":"locker","pubMagicMetadata":{"version":1,"count":1,"data":"public","header":"public-header"}}}
locker create 0 folder: {"collection":{"id":8,"owner":{"id":1,"email":"","name":"","role":""},"encryptedKey":"AAAAAAAAAAAAAAAAAAAAAAAAAAAAAAAAAAAAAAAAAAAAAAAAAAAAAAAAAAAAAAAA","keyDecryptionNonce":"AAAAAAAAAAAAAAAAAAAAAAAAAAAAAAAA","name":"","encryptedName":"name","nameDecryptionNonce":"nonce","type":"folder","attributes":{"version":0},"sharees":null,"publicURLs":null,"updationTime":0,"app":"locker"}}
locker create 1 favorites: {"collection":{"id":9,"owner":{"id":1,"email":"","name":"","role":""},"encryptedKey":"AAAAAAAAAAAAAAAAAAAAAAAAAAAAAAAAAAAAAAAAAAAAAAAAAAAAAAAAAAAAAAAA","keyDecryptionNonce":"AAAAAAAAAAAAAAAAAAAAAAAAAAAAAAAA","name":"","encryptedName":"name","nameDecryptionNonce":"nonce","type":"favorites","attributes":{"version":0},"sharees":null,"publicURLs":null,"updationTime":0,"app":"locker"}}
locker create 2 favorites: {"collection":{"id":9,"owner":{"id":1,"email":"","name":"","role":""},"encryptedKey":"AAAAAAAAAAAAAAAAAAAAAAAAAAAAAAAAAAAAAAAAAAAAAAAAAAAAAAAAAAAAAAAA","keyDecryptionNonce":"AAAAAAAAAAAAAAAAAAAAAAAAAAAAAAAA","name":"","encryptedName":"name","nameDecryptionNonce":"nonce","type":"favorites","attributes":{"version":0},"sharees":null,"publicURLs":null,"updationTime":0,"app":""}}
locker create 3 uncategorized: {"collection":{"id":11,"owner":{"id":1,"email":"","name":"","role":""},"encryptedKey":"AAAAAAAAAAAAAAAAAAAAAAAAAAAAAAAAAAAAAAAAAAAAAAAAAAAAAAAAAAAAAAAA","keyDecryptionNonce":"AAAAAAAAAAAAAAAAAAAAAAAAAAAAAAAA","name":"","encryptedName":"name","nameDecryptionNonce":"nonce","type":"uncategorized","attributes":{"version":0},"sharees":null,"publicURLs":null,"updationTime":0,"app":"locker"}}
locker create 4 uncategorized: {"collection":{"id":11,"owner":{"id":1,"email":"","name":"","role":""},"encryptedKey":"AAAAAAAAAAAAAAAAAAAAAAAAAAAAAAAAAAAAAAAAAAAAAAAAAAAAAAAAAAAAAAAA","keyDecryptionNonce":"AAAAAAAAAAAAAAAAAAAAAAAAAAAAAAAA","name":"","encryptedName":"name","nameDecryptionNonce":"nonce","type":"uncategorized","attributes":{"version":0},"sharees":null,"publicURLs":null,"updationTime":0,"app":""}}
locker owner: {"collection":{"id":2,"owner":{"id":1,"email":"owner@example.com","name":"","role":""},"encryptedKey":"owner-key","keyDecryptionNonce":"owner-nonce","name":"","encryptedName":"enc-name","nameDecryptionNonce":"name-nonce","type":"folder","attributes":{"version":1},"sharees":[{"id":2,"email":"sharee@example.com","name":"","role":"COLLABORATOR"}],"publicURLs":[{"url":"https://share.ente.com/c/LOCKERLINK","deviceLimit":0,"validTill":0,"enableDownload":true,"enableCollect":false,"enableComment":false,"passwordEnabled":false,"enableJoin":true}],"updationTime":10,"magicMetadata":{"version":1,"count":1,"data":"private","header":"private-header"},"app":"locker","pubMagicMetadata":{"version":1,"count":1,"data":"public","header":"public-header"}}}
locker ownerV2: collections:{"id":2,"owner":{"id":1,"email":"","name":"","role":""},"encryptedKey":"owner-key","keyDecryptionNonce":"owner-nonce","name":"","encryptedName":"enc-name","nameDecryptionNonce":"name-nonce","type":"folder","attributes":{"version":1},"sharees":[{"id":2,"email":"sharee@example.com","name":"","role":"COLLABORATOR"}],"publicURLs":[{"url":"https://share.ente.com/c/LOCKERLINK","deviceLimit":0,"validTill":0,"enableDownload":true,"enableCollect":false,"enableComment":false,"passwordEnabled":false,"enableJoin":true}],"updationTime":10,"magicMetadata":{"version":1,"count":1,"data":"private","header":"private-header"},"app":"locker","pubMagicMetadata":{"version":1,"count":1,"data":"public","header":"public-header"}}
locker ownerV3: owned:{"id":2,"owner":{"id":1,"email":"","name":"","role":""},"encryptedKey":"owner-key","keyDecryptionNonce":"owner-nonce","name":"","encryptedName":"enc-name","nameDecryptionNonce":"name-nonce","type":"folder","attributes":{"version":1},"sharees":[{"id":2,"email":"sharee@example.com","name":"","role":"COLLABORATOR"}],"publicURLs":[{"url":"https://share.ente.com/c/LOCKERLINK","deviceLimit":0,"validTill":0,"enableDownload":true,"enableCollect":false,"enableComment":false,"passwordEnabled":false,"enableJoin":true}],"updationTime":10,"magicMetadata":{"version":1,"count":1,"data":"private","header":"private-header"},"app":"locker","pubMagicMetadata":{"version":1,"count":1,"data":"public","header":"public-header"}}
locker public: {"collection":{"id":2,"owner":{"id":1,"email":"","name":"","role":""},"encryptedKey":"owner-key","keyDecryptionNonce":"owner-nonce","name":"","encryptedName":"enc-name","nameDecryptionNonce":"name-nonce","type":"folder","attributes":{"version":1},"sharees":null,"publicURLs":[{"url":"","deviceLimit":0,"validTill":0,"enableDownload":true,"enableCollect":false,"enableComment":false,"passwordEnabled":false,"enableJoin":true}],"updationTime":10,"app":"locker","pubMagicMetadata":{"version":1,"count":1,"data":"public","header":"public-header"}}}
locker sharee: {"collection":{"id":2,"owner":{"id":1,"email":"owner@example.com","name":"","role":""},"encryptedKey":"share-key","keyDecryptionNonce":"owner-nonce","name":"","encryptedName":"enc-name","nameDecryptionNonce":"name-nonce","type":"folder","attributes":{"version":1},"sharees":[{"id":2,"email":"sharee@example.com","name":"","role":"COLLABORATOR"}],"publicURLs":[{"url":"https://share.ente.com/c/LOCKERLINK","deviceLimit":0,"validTill":0,"enableDownload":true,"enableCollect":false,"enableComment":false,"passwordEnabled":false,"enableJoin":true}],"updationTime":10,"app":"locker","pubMagicMetadata":{"version":1,"count":1,"data":"public","header":"public-header"}}}
locker shareeV2: collections:{"id":2,"owner":{"id":1,"email":"owner@example.com","name":"","role":""},"encryptedKey":"share-key","name":"","encryptedName":"enc-name","nameDecryptionNonce":"name-nonce","type":"folder","attributes":{"version":0},"sharees":[{"id":2,"email":"sharee@example.com","name":"","role":"COLLABORATOR"}],"publicURLs":[{"url":"https://share.ente.com/c/LOCKERLINK","deviceLimit":0,"validTill":0,"enableDownload":true,"enableCollect":false,"enableComment":false,"passwordEnabled":false,"enableJoin":true}],"updationTime":10,"sharedAt":5,"app":"locker","pubMagicMetadata":{"version":1,"count":1,"data":"public","header":"public-header"}}
locker shareeV3: shared:{"id":2,"owner":{"id":1,"email":"owner@example.com","name":"","role":""},"encryptedKey":"share-key","name":"","encryptedName":"enc-name","nameDecryptionNonce":"name-nonce","type":"folder","attributes":{"version":0},"sharees":[{"id":2,"email":"sharee@example.com","name":"","role":"COLLABORATOR"}],"publicURLs":[{"url":"https://share.ente.com/c/LOCKERLINK","deviceLimit":0,"validTill":0,"enableDownload":true,"enableCollect":false,"enableComment":false,"passwordEnabled":false,"enableJoin":true}],"updationTime":10,"sharedAt":5,"app":"locker","pubMagicMetadata":{"version":1,"count":1,"data":"public","header":"public-header"}}
photos cast: {"collection":{"id":1,"owner":{"id":1,"email":"","name":"","role":""},"encryptedKey":"owner-key","keyDecryptionNonce":"owner-nonce","name":"","encryptedName":"enc-name","nameDecryptionNonce":"name-nonce","type":"album","attributes":{"version":1},"sharees":null,"publicURLs":[{"url":"https://albums.ente.com/?t=PHOTOSLINK","deviceLimit":0,"validTill":0,"enableDownload":true,"enableCollect":false,"enableComment":false,"passwordEnabled":false,"enableJoin":true}],"updationTime":10,"app":"photos","pubMagicMetadata":{"version":1,"count":1,"data":"public","header":"public-header"}}}
photos create 0 album: {"collection":{"id":3,"owner":{"id":1,"email":"","name":"","role":""},"encryptedKey":"AAAAAAAAAAAAAAAAAAAAAAAAAAAAAAAAAAAAAAAAAAAAAAAAAAAAAAAAAAAAAAAA","keyDecryptionNonce":"AAAAAAAAAAAAAAAAAAAAAAAAAAAAAAAA","name":"","encryptedName":"name","nameDecryptionNonce":"nonce","type":"album","attributes":{"version":0},"sharees":null,"publicURLs":null,"updationTime":0,"app":"photos"}}
photos create 1 favorites: {"collection":{"id":4,"owner":{"id":1,"email":"","name":"","role":""},"encryptedKey":"AAAAAAAAAAAAAAAAAAAAAAAAAAAAAAAAAAAAAAAAAAAAAAAAAAAAAAAAAAAAAAAA","keyDecryptionNonce":"AAAAAAAAAAAAAAAAAAAAAAAAAAAAAAAA","name":"","encryptedName":"name","nameDecryptionNonce":"nonce","type":"favorites","attributes":{"version":0},"sharees":null,"publicURLs":null,"updationTime":0,"app":"photos"}}
photos create 2 favorites: {"collection":{"id":4,"owner":{"id":1,"email":"","name":"","role":""},"encryptedKey":"AAAAAAAAAAAAAAAAAAAAAAAAAAAAAAAAAAAAAAAAAAAAAAAAAAAAAAAAAAAAAAAA","keyDecryptionNonce":"AAAAAAAAAAAAAAAAAAAAAAAAAAAAAAAA","name":"","encryptedName":"name","nameDecryptionNonce":"nonce","type":"favorites","attributes":{"version":0},"sharees":null,"publicURLs":null,"updationTime":0,"app":""}}
photos create 3 uncategorized: {"collection":{"id":6,"owner":{"id":1,"email":"","name":"","role":""},"encryptedKey":"AAAAAAAAAAAAAAAAAAAAAAAAAAAAAAAAAAAAAAAAAAAAAAAAAAAAAAAAAAAAAAAA","keyDecryptionNonce":"AAAAAAAAAAAAAAAAAAAAAAAAAAAAAAAA","name":"","encryptedName":"name","nameDecryptionNonce":"nonce","type":"uncategorized","attributes":{"version":0},"sharees":null,"publicURLs":null,"updationTime":0,"app":"photos"}}
photos create 4 uncategorized: {"collection":{"id":6,"owner":{"id":1,"email":"","name":"","role":""},"encryptedKey":"AAAAAAAAAAAAAAAAAAAAAAAAAAAAAAAAAAAAAAAAAAAAAAAAAAAAAAAAAAAAAAAA","keyDecryptionNonce":"AAAAAAAAAAAAAAAAAAAAAAAAAAAAAAAA","name":"","encryptedName":"name","nameDecryptionNonce":"nonce","type":"uncategorized","attributes":{"version":0},"sharees":null,"publicURLs":null,"updationTime":0,"app":""}}
photos owner: {"collection":{"id":1,"owner":{"id":1,"email":"owner@example.com","name":"","role":""},"encryptedKey":"owner-key","keyDecryptionNonce":"owner-nonce","name":"","encryptedName":"enc-name","nameDecryptionNonce":"name-nonce","type":"album","attributes":{"version":1},"sharees":[{"id":2,"email":"sharee@example.com","name":"","role":"COLLABORATOR"}],"publicURLs":[{"url":"https://albums.ente.com/?t=PHOTOSLINK","deviceLimit":0,"validTill":0,"enableDownload":true,"enableCollect":false,"enableComment":false,"passwordEnabled":false,"enableJoin":true}],"updationTime":10,"magicMetadata":{"version":1,"count":1,"data":"private","header":"private-header"},"app":"photos","pubMagicMetadata":{"version":1,"count":1,"data":"public","header":"public-header"}}}
photos ownerV2: collections:{"id":1,"owner":{"id":1,"email":"","name":"","role":""},"encryptedKey":"owner-key","keyDecryptionNonce":"owner-nonce","name":"","encryptedName":"enc-name","nameDecryptionNonce":"name-nonce","type":"album","attributes":{"version":1},"sharees":[{"id":2,"email":"sharee@example.com","name":"","role":"COLLABORATOR"}],"publicURLs":[{"url":"https://albums.ente.com/?t=PHOTOSLINK","deviceLimit":0,"validTill":0,"enableDownload":true,"enableCollect":false,"enableComment":false,"passwordEnabled":false,"enableJoin":true}],"updationTime":10,"magicMetadata":{"version":1,"count":1,"data":"private","header":"private-header"},"app":"photos","pubMagicMetadata":{"version":1,"count":1,"data":"public","header":"public-header"}}
photos ownerV3: owned:{"id":1,"owner":{"id":1,"email":"","name":"","role":""},"encryptedKey":"owner-key","keyDecryptionNonce":"owner-nonce","name":"","encryptedName":"enc-name","nameDecryptionNonce":"name-nonce","type":"album","attributes":{"version":1},"sharees":[{"id":2,"email":"sharee@example.com","name":"","role":"COLLABORATOR"}],"publicURLs":[{"url":"https://albums.ente.com/?t=PHOTOSLINK","deviceLimit":0,"validTill":0,"enableDownload":true,"enableCollect":false,"enableComment":false,"passwordEnabled":false,"enableJoin":true}],"updationTime":10,"magicMetadata":{"version":1,"count":1,"data":"private","header":"private-header"},"app":"photos","pubMagicMetadata":{"version":1,"count":1,"data":"public","header":"public-header"}}
photos public: {"collection":{"id":1,"owner":{"id":1,"email":"","name":"","role":""},"encryptedKey":"owner-key","keyDecryptionNonce":"owner-nonce","name":"","encryptedName":"enc-name","nameDecryptionNonce":"name-nonce","type":"album","attributes":{"version":1},"sharees":null,"publicURLs":[{"url":"","deviceLimit":0,"validTill":0,"enableDownload":true,"enableCollect":false,"enableComment":false,"passwordEnabled":false,"enableJoin":true}],"updationTime":10,"app":"photos","pubMagicMetadata":{"version":1,"count":1,"data":"public","header":"public-header"}}}
photos sharee: {"collection":{"id":1,"owner":{"id":1,"email":"owner@example.com","name":"","role":""},"encryptedKey":"share-key","keyDecryptionNonce":"owner-nonce","name":"","encryptedName":"enc-name","nameDecryptionNonce":"name-nonce","type":"album","attributes":{"version":1},"sharees":[{"id":2,"email":"sharee@example.com","name":"","role":"COLLABORATOR"}],"publicURLs":[{"url":"https://albums.ente.com/?t=PHOTOSLINK","deviceLimit":0,"validTill":0,"enableDownload":true,"enableCollect":false,"enableComment":false,"passwordEnabled":false,"enableJoin":true}],"updationTime":10,"app":"photos","pubMagicMetadata":{"version":1,"count":1,"data":"public","header":"public-header"}}}
photos shareeV2: collections:{"id":1,"owner":{"id":1,"email":"owner@example.com","name":"","role":""},"encryptedKey":"share-key","name":"","encryptedName":"enc-name","nameDecryptionNonce":"name-nonce","type":"album","attributes":{"version":0},"sharees":[{"id":2,"email":"sharee@example.com","name":"","role":"COLLABORATOR"}],"publicURLs":[{"url":"https://albums.ente.com/?t=PHOTOSLINK","deviceLimit":0,"validTill":0,"enableDownload":true,"enableCollect":false,"enableComment":false,"passwordEnabled":false,"enableJoin":true}],"updationTime":10,"sharedAt":5,"app":"photos","pubMagicMetadata":{"version":1,"count":1,"data":"public","header":"public-header"}}
photos shareeV3: shared:{"id":1,"owner":{"id":1,"email":"owner@example.com","name":"","role":""},"encryptedKey":"share-key","name":"","encryptedName":"enc-name","nameDecryptionNonce":"name-nonce","type":"album","attributes":{"version":0},"sharees":[{"id":2,"email":"sharee@example.com","name":"","role":"COLLABORATOR"}],"publicURLs":[{"url":"https://albums.ente.com/?t=PHOTOSLINK","deviceLimit":0,"validTill":0,"enableDownload":true,"enableCollect":false,"enableComment":false,"passwordEnabled":false,"enableJoin":true}],"updationTime":10,"sharedAt":5,"app":"photos","pubMagicMetadata":{"version":1,"count":1,"data":"public","header":"public-header"}}
